Microchip MPLAB XC8 Compiler V2.50

Linker command line:

-W-3 \
  --edf=C:\Program Files\Microchip\xc8\v2.50\pic\dat\20240725155939_en.msgs \
  -cn -h+dist/default/production\PIC_8_BIT-project.production.sym \
  --cmf=dist/default/production\PIC_8_BIT-project.production.cmf -z \
  -Q18F4620 -oC:\Users\NU\AppData\Local\Temp\xcAsng0.\driver_tmp_3.o \
  --defsym=__MPLAB_BUILD=1 --fixupoverflow=error \
  -Mdist/default/production/PIC_8_BIT-project.production.map \
  --md=C:\Users\NU\AppData\Local\Temp\xcAsng0.\driver_tmp_0.dat -E1 \
  -ver=XC8 Compiler --acfsm=1493 -ACODE=00h-0FFFFh -ACONST=00h-0FFFFh \
  -ASMALLCONST=01000h-010FFhx240 -AMEDIUMCONST=01000h-0FFFFh \
  -ACOMRAM=01h-07Fh -AABS1=00h-0F7Fh -ABIGRAM=01h-0F7Fh \
  -ARAM=080h-0FFh,0100h-01FFhx14,0F00h-0F7Fh -ABANK0=080h-0FFh \
  -ABANK1=0100h-01FFh -ABANK2=0200h-02FFh -ABANK3=0300h-03FFh \
  -ABANK4=0400h-04FFh -ABANK5=0500h-05FFh -ABANK6=0600h-06FFh \
  -ABANK7=0700h-07FFh -ABANK8=0800h-08FFh -ABANK9=0900h-09FFh \
  -ABANK10=0A00h-0AFFh -ABANK11=0B00h-0BFFh -ABANK12=0C00h-0CFFh \
  -ABANK13=0D00h-0DFFh -ABANK14=0E00h-0EFFh -ABANK15=0F00h-0F7Fh \
  -ASFR=0F80h-0FFFh -ABIGSFR=0F80h-0FFFh -ACONFIG=0300000h-030000Dh \
  -AIDLOC=0200000h-0200007h -AEEDATA=0F00000h-0F003FFh -peeprom_data=EEDATA \
  -preset_vec=00h,intcode,sivt_hi,intcodelo,sivt_lo,powerup,init \
  -pramtop=01000h -psmallconst=SMALLCONST -pmediumconst=MEDIUMCONST \
  -pconst=CONST -AFARRAM=00h-00h \
  -prdata=COMRAM,nvrram=COMRAM,nvbit=COMRAM,rbss=COMRAM,rbit=COMRAM \
  -pfarbss=FARRAM,fardata=FARRAM,nvFARRAM=FARRAM \
  -pintsave_regs=BIGRAM,bigbss=BIGRAM,bigdata=BIGRAM -pbss=RAM \
  -pidata=CODE,irdata=CODE,ibigdata=CODE,ifardata=CODE -prparam=COMRAM \
  C:\Users\NU\AppData\Local\Temp\xcAsng0.\driver_tmp_9.o \
  dist/default/production\PIC_8_BIT-project.production.o 

Object code version is 3.11

Machine type is 18F4620



                Name                               Link     Load   Length Selector   Space Scale
C:\Users\NU\AppData\Local\Temp\xcAsng0.\driver_tmp_9.o
                config                           300000   300000        E        0       4
                init                                  0        0        4        0       0
dist/default/production\PIC_8_BIT-project.production.o
                config                           300000   300000        E        0       4
                smallconst                         1000     1000        2      800       0
                text13                             152A     152A       98      801       0
                text12                             130C     130C      112      801       0
                text11                             1002     1002      1F2      801       0
                text10                             1818     1818       36      BD1       0
                text9                              1630     1630       6E      801       0
                text8                              17DE     17DE       3A      BD1       0
                text7                              11F4     11F4      118      801       0
                text6                              17A2     17A2       3C      BD1       0
                text5                              169E     169E       5A      801       0
                text4                              15C2     15C2       6E      801       0
                text3                              141E     141E      10C      801       0
                text2                              187E     187E       30      BD1       0
                text1                              18C2     18C2        C      BD1       0
                text0                              184E     184E       30      BD1       0
                cstackCOMRAM                         54       54       17        1       1
                dataBANK0                            80       80       14       80       1
                dataCOMRAM                            1        1       53        1       1
                bssCOMRAM                            6B       6B        8        1       1
                cinit                              16F8     16F8       56      801       0
                nvCOMRAM                             73       73        1        1       1
                idataBANK0                         18AE     18AE       14      BD1       0
                idataCOMRAM                        174E     174E       53      801       0

TOTAL           Name                               Link     Load   Length     Space
        CLASS   CODE           
                init                                  0        0        4         0
                text13                             152A     152A       98         0
                text12                             130C     130C      112         0
                text11                             1002     1002      1F2         0
                text10                             1818     1818       36         0
                text9                              1630     1630       6E         0
                text8                              17DE     17DE       3A         0
                text7                              11F4     11F4      118         0
                text6                              17A2     17A2       3C         0
                text5                              169E     169E       5A         0
                text4                              15C2     15C2       6E         0
                text3                              141E     141E      10C         0
                text2                              187E     187E       30         0
                text1                              18C2     18C2        C         0
                text0                              184E     184E       30         0
                cinit                              16F8     16F8       56         0
                idataBANK0                         18AE     18AE       14         0
                idataCOMRAM                        174E     174E       53         0

        CLASS   CONST          

        CLASS   SMALLCONST     
                smallconst                         1000     1000        2         0

        CLASS   MEDIUMCONST    

        CLASS   COMRAM         
                cstackCOMRAM                         54       54       17         1
                dataCOMRAM                            1        1       53         1
                bssCOMRAM                            6B       6B        8         1
                nvCOMRAM                             73       73        1         1

        CLASS   ABS1           

        CLASS   BIGRAM         

        CLASS   RAM            

        CLASS   BANK0          
                dataBANK0                            80       80       14         1

        CLASS   BANK1          

        CLASS   BANK2          

        CLASS   BANK3          

        CLASS   BANK4          

        CLASS   BANK5          

        CLASS   BANK6          

        CLASS   BANK7          

        CLASS   BANK8          

        CLASS   BANK9          

        CLASS   BANK10         

        CLASS   BANK11         

        CLASS   BANK12         

        CLASS   BANK13         

        CLASS   BANK14         

        CLASS   BANK15         

        CLASS   SFR            

        CLASS   BIGSFR         

        CLASS   CONFIG         
                config                           300000   300000        E         4

        CLASS   IDLOC          

        CLASS   EEDATA         

        CLASS   FARRAM         

        CLASS   HEAP           

        CLASS   STACK          



SEGMENTS        Name                           Load    Length   Top    Selector   Space  Class

                reset_vec                      000000  000004  000004         0       0  CODE    
                dataCOMRAM                     000001  000073  000074         1       1  COMRAM  
                dataBANK0                      000080  000014  000094        80       1  BANK0   
                smallconst                     001000  000002  001002       800       0  SMALLCON
                text11                         001002  00079F  0017A1       801       0  CODE    
                text6                          0017A2  00012C  0018CE       BD1       0  CODE    


UNUSED ADDRESS RANGES

        Name                Unused          Largest block    Delta
        BANK0            000094-0000FF               6C
        BANK1            000100-0001FF              100
        BANK10           000A00-000AFF              100
        BANK11           000B00-000BFF              100
        BANK12           000C00-000CFF              100
        BANK13           000D00-000DFF              100
        BANK14           000E00-000EFF              100
        BANK15           000F00-000F7F               80
        BANK2            000200-0002FF              100
        BANK3            000300-0003FF              100
        BANK4            000400-0004FF              100
        BANK5            000500-0005FF              100
        BANK6            000600-0006FF              100
        BANK7            000700-0007FF              100
        BANK8            000800-0008FF              100
        BANK9            000900-0009FF              100
        BIGRAM           000074-00007F                C
                         000094-000F7F              EEC
        BIGSFR           000F80-000FFF               80
        CODE             000004-000FFF              FFC
                         0017A1-0017A1                1
                         0018CE-00FFFF             E732
        COMRAM           000074-00007F                C
        CONST            000004-000FFF              FFC
                         0017A1-0017A1                1
                         0018CE-00FFFF             E732
        EEDATA           F00000-F003FF              400
        IDLOC            200000-200007                8
        MEDIUMCONST      0017A1-0017A1                1
                         0018CE-00FFFF             E732
        RAM              000094-000F7F              100
        SFR              000F80-000FFF               80
        SMALLCONST       0017A1-0017A1                1
                         0018CE-00FFFF              100

                                  Symbol Table

_LATA                                     (abs)        000F89
_LATB                                     (abs)        000F8A
_LATC                                     (abs)        000F8B
_LATD                                     (abs)        000F8C
_LATE                                     (abs)        000F8D
_PORTA                                    (abs)        000F80
_PORTB                                    (abs)        000F81
_PORTC                                    (abs)        000F82
_PORTD                                    (abs)        000F83
_PORTE                                    (abs)        000F84
_SEVEN_SEGMENT_CA_VALUES                  dataCOMRAM   000011
_SEVEN_SEGMENT_CC_VALUES                  dataCOMRAM   00001B
_TRISA                                    (abs)        000F92
_TRISB                                    (abs)        000F93
_TRISC                                    (abs)        000F94
_TRISD                                    (abs)        000F95
_TRISE                                    (abs)        000F96
__HRAM                                    (abs)        000000
__H__absolute__                           __absolute__ 000000
__Habs1                                   abs1         000000
__Hbank0                                  bank0        000000
__Hbank1                                  bank1        000000
__Hbank10                                 bank10       000000
__Hbank11                                 bank11       000000
__Hbank12                                 bank12       000000
__Hbank13                                 bank13       000000
__Hbank14                                 bank14       000000
__Hbank15                                 bank15       000000
__Hbank2                                  bank2        000000
__Hbank3                                  bank3        000000
__Hbank4                                  bank4        000000
__Hbank5                                  bank5        000000
__Hbank6                                  bank6        000000
__Hbank7                                  bank7        000000
__Hbank8                                  bank8        000000
__Hbank9                                  bank9        000000
__Hbigbss                                 bigbss       000000
__Hbigdata                                bigdata      000000
__Hbigram                                 bigram       000000
__Hbigsfr                                 bigsfr       000000
__Hbss                                    bss          000000
__HbssCOMRAM                              bssCOMRAM    000000
__Hcinit                                  cinit        000000
__Hclrtext                                clrtext      000000
__Hcomram                                 comram       000000
__Hconfig                                 config       30000E
__Hconst                                  const        000000
__HcstackCOMRAM                           cstackCOMRAM 000000
__Hdata                                   data         000000
__HdataBANK0                              dataBANK0    000000
__HdataCOMRAM                             dataCOMRAM   000000
__Heeprom_data                            eeprom_data  000000
__Hfarbss                                 farbss       000000
__Hfardata                                fardata      000000
__Hheap                                   heap         000000
__Hibigdata                               ibigdata     000000
__Hidata                                  idata        000000
__HidataBANK0                             idataBANK0   000000
__HidataCOMRAM                            idataCOMRAM  000000
__Hidloc                                  idloc        000000
__Hifardata                               ifardata     000000
__Hinit                                   init         000004
__Hintcode                                intcode      000000
__Hintcode_body                           intcode_body 000000
__Hintcodelo                              intcodelo    000000
__Hintentry                               intentry     000000
__Hintret                                 intret       000000
__Hintsave_regs                           intsave_regs 000000
__Hirdata                                 irdata       000000
__Hmediumconst                            mediumconst  000000
__HnvCOMRAM                               nvCOMRAM     000000
__HnvFARRAM                               nvFARRAM     000000
__Hnvbit                                  nvbit        000000
__Hnvrram                                 nvrram       000000
__Hparam                                  rparam       000000
__Hpowerup                                powerup      000000
__Hram                                    ram          000000
__Hramtop                                 ramtop       001000
__Hrbit                                   rbit         000000
__Hrbss                                   rbss         000000
__Hrdata                                  rdata        000000
__Hreset_vec                              reset_vec    000000
__Hrparam                                 rparam       000000
__Hsfr                                    sfr          000000
__Hsivt_hi                                sivt_hi      000000
__Hsivt_lo                                sivt_lo      000000
__Hsmallconst                             smallconst   001002
__Hspace_0                                (abs)        0018CE
__Hspace_1                                (abs)        000094
__Hspace_2                                (abs)        000000
__Hspace_4                                (abs)        60000E
__Hstack                                  stack        000000
__Hstruct                                 struct       000000
__Htemp                                   temp         000000
__Htext                                   text         000000
__Htext0                                  text0        000000
__Htext1                                  text1        000000
__Htext10                                 text10       000000
__Htext11                                 text11       000000
__Htext12                                 text12       000000
__Htext13                                 text13       000000
__Htext2                                  text2        000000
__Htext3                                  text3        000000
__Htext4                                  text4        000000
__Htext5                                  text5        000000
__Htext6                                  text6        000000
__Htext7                                  text7        000000
__Htext8                                  text8        000000
__Htext9                                  text9        000000
__LRAM                                    (abs)        000001
__L__absolute__                           __absolute__ 000000
__Labs1                                   abs1         000000
__Lbank0                                  bank0        000000
__Lbank1                                  bank1        000000
__Lbank10                                 bank10       000000
__Lbank11                                 bank11       000000
__Lbank12                                 bank12       000000
__Lbank13                                 bank13       000000
__Lbank14                                 bank14       000000
__Lbank15                                 bank15       000000
__Lbank2                                  bank2        000000
__Lbank3                                  bank3        000000
__Lbank4                                  bank4        000000
__Lbank5                                  bank5        000000
__Lbank6                                  bank6        000000
__Lbank7                                  bank7        000000
__Lbank8                                  bank8        000000
__Lbank9                                  bank9        000000
__Lbigbss                                 bigbss       000000
__Lbigdata                                bigdata      000000
__Lbigram                                 bigram       000000
__Lbigsfr                                 bigsfr       000000
__Lbss                                    bss          000000
__LbssCOMRAM                              bssCOMRAM    000000
__Lcinit                                  cinit        000000
__Lclrtext                                clrtext      000000
__Lcomram                                 comram       000000
__Lconfig                                 config       000000
__Lconst                                  const        000000
__LcstackCOMRAM                           cstackCOMRAM 000000
__Ldata                                   data         000000
__LdataBANK0                              dataBANK0    000000
__LdataCOMRAM                             dataCOMRAM   000000
__Leeprom_data                            eeprom_data  000000
__Lfarbss                                 farbss       000000
__Lfardata                                fardata      000000
__Lheap                                   heap         000000
__Libigdata                               ibigdata     000000
__Lidata                                  idata        000000
__LidataBANK0                             idataBANK0   000000
__LidataCOMRAM                            idataCOMRAM  000000
__Lidloc                                  idloc        000000
__Lifardata                               ifardata     000000
__Linit                                   init         000000
__Lintcode                                intcode      000000
__Lintcode_body                           intcode_body 000000
__Lintcodelo                              intcodelo    000000
__Lintentry                               intentry     000000
__Lintret                                 intret       000000
__Lintsave_regs                           intsave_regs 000000
__Lirdata                                 irdata       000000
__Lmediumconst                            mediumconst  000000
__LnvCOMRAM                               nvCOMRAM     000000
__LnvFARRAM                               nvFARRAM     000000
__Lnvbit                                  nvbit        000000
__Lnvrram                                 nvrram       000000
__Lparam                                  rparam       000000
__Lpowerup                                powerup      000000
__Lram                                    ram          000000
__Lramtop                                 ramtop       001000
__Lrbit                                   rbit         000000
__Lrbss                                   rbss         000000
__Lrdata                                  rdata        000000
__Lreset_vec                              reset_vec    000000
__Lrparam                                 rparam       000000
__Lsfr                                    sfr          000000
__Lsivt_hi                                sivt_hi      000000
__Lsivt_lo                                sivt_lo      000000
__Lsmallconst                             smallconst   001000
__Lspace_0                                (abs)        000000
__Lspace_1                                (abs)        000000
__Lspace_2                                (abs)        000000
__Lspace_4                                (abs)        000000
__Lstack                                  stack        000000
__Lstruct                                 struct       000000
__Ltemp                                   temp         000000
__Ltext                                   text         000000
__Ltext0                                  text0        000000
__Ltext1                                  text1        000000
__Ltext10                                 text10       000000
__Ltext11                                 text11       000000
__Ltext12                                 text12       000000
__Ltext13                                 text13       000000
__Ltext2                                  text2        000000
__Ltext3                                  text3        000000
__Ltext4                                  text4        000000
__Ltext5                                  text5        000000
__Ltext6                                  text6        000000
__Ltext7                                  text7        000000
__Ltext8                                  text8        000000
__Ltext9                                  text9        000000
__S0                                      (abs)        0018CE
__S1                                      (abs)        000094
__S4                                      (abs)        000000
__S5                                      (abs)        000000
___heap_hi                                (abs)        000000
___heap_lo                                (abs)        000000
___inthi_sp                               stack        000000
___inthi_stack_hi                         stack        000000
___inthi_stack_lo                         stack        000000
___intlo_sp                               stack        000000
___intlo_stack_hi                         stack        000000
___intlo_stack_lo                         stack        000000
___param_bank                             (abs)        000000
___rparam_used                            (abs)        000001
___sp                                     stack        000000
___stack_hi                               stack        000000
___stack_lo                               stack        000000
__accesstop                               (abs)        000080
__activetblptr                            (abs)        000002
__end_of__initialization                  cinit        001744
__end_of_calculator_get_key               text8        001818
__end_of_calculator_initialize            text2        0018AE
__end_of_ecu_layer_initialize             text1        0018CE
__end_of_gpio_pin_direction_initialize    text7        00130C
__end_of_gpio_pin_initialize              text6        0017DE
__end_of_gpio_pin_read_logic              text13       0015C2
__end_of_gpio_pin_write_logic             text12       00141E
__end_of_keypad_get_value                 text11       0011F4
__end_of_keypad_initialize                text5        0016F8
__end_of_lcd_8bit_initialize              text3        00152A
__end_of_lcd_8bit_send_command            text4        001630
__end_of_lcd_8bit_send_data               text9        00169E
__end_of_lcd_send_8bit_enable             text10       00184E
__end_of_main                             text0        00187E
__initialization                          cinit        0016F8
__mediumconst                             mediumconst  000000
__pbssCOMRAM                              bssCOMRAM    00006B
__pcinit                                  cinit        0016F8
__pcstackCOMRAM                           cstackCOMRAM 000054
__pdataBANK0                              dataBANK0    000080
__pdataCOMRAM                             dataCOMRAM   000001
__pidataBANK0                             idataBANK0   0018AE
__pidataCOMRAM                            idataCOMRAM  00174E
__pnvCOMRAM                               nvCOMRAM     000073
__psmallconst                             smallconst   001000
__ptext0                                  text0        00184E
__ptext1                                  text1        0018C2
__ptext10                                 text10       001818
__ptext11                                 text11       001002
__ptext12                                 text12       00130C
__ptext13                                 text13       00152A
__ptext2                                  text2        00187E
__ptext3                                  text3        00141E
__ptext4                                  text4        0015C2
__ptext5                                  text5        00169E
__ptext6                                  text6        0017A2
__ptext7                                  text7        0011F4
__ptext8                                  text8        0017DE
__ptext9                                  text9        001630
__ramtop                                  ramtop       001000
__smallconst                              smallconst   001000
_calc_v1                                  dataBANK0    000080
_calculator_get_key                       text8        0017DE
_calculator_initialize                    text2        00187E
_cc1                                      dataCOMRAM   00003D
_cc2                                      dataCOMRAM   000035
_ecu_layer_initialize                     text1        0018C2
_gpio_pin_direction_initialize            text7        0011F4
_gpio_pin_initialize                      text6        0017A2
_gpio_pin_read_logic                      text13       00152A
_gpio_pin_write_logic                     text12       00130C
_hh1                                      dataCOMRAM   00002D
_hh2                                      dataCOMRAM   000025
_keypad_get_value                         text11       001002
_keypad_initialize                        text5        00169E
_keypad_values                            dataCOMRAM   000001
_lat_reg                                  dataCOMRAM   00004A
_lcd_8bit_initialize                      text3        00141E
_lcd_8bit_send_command                    text4        0015C2
_lcd_8bit_send_data                       text9        001630
_lcd_send_8bit_enable                     text10       001818
_main                                     text0        00184E
_port_reg                                 dataCOMRAM   000045
_program_state                            nvCOMRAM     000073
_tris_reg                                 dataCOMRAM   00004F
_value                                    bssCOMRAM    000072
calculator_get_key@_calc                  cstackCOMRAM 000065
calculator_get_key@_value                 cstackCOMRAM 000066
calculator_get_key@ret                    cstackCOMRAM 000067
calculator_initialize@_calc               cstackCOMRAM 000067
calculator_initialize@ret                 cstackCOMRAM 000068
end_of_initialization                     cinit        001744
gpio_pin_direction_initialize@Status      cstackCOMRAM 000059
gpio_pin_direction_initialize@_pin_config cstackCOMRAM 000054
gpio_pin_initialize@Status                cstackCOMRAM 00005C
gpio_pin_initialize@_pin_config           cstackCOMRAM 00005B
gpio_pin_read_logic@Status                cstackCOMRAM 000059
gpio_pin_read_logic@_logic                cstackCOMRAM 000055
gpio_pin_read_logic@_pin_config           cstackCOMRAM 000054
gpio_pin_write_logic@Status               cstackCOMRAM 00005A
gpio_pin_write_logic@_logic               cstackCOMRAM 000055
gpio_pin_write_logic@_pin_config          cstackCOMRAM 000054
intlevel0                                 text         000000
intlevel1                                 text         000000
intlevel2                                 text         000000
intlevel3                                 text         000000
isa$std                                   (abs)        000001
isa$xinst                                 (abs)        000000
keypad_get_value@_keypad                  cstackCOMRAM 00005B
keypad_get_value@_value                   cstackCOMRAM 00005C
keypad_get_value@col_counter              cstackCOMRAM 000061
keypad_get_value@col_state                cstackCOMRAM 000060
keypad_get_value@is_pressed               cstackCOMRAM 00005E
keypad_get_value@ret                      cstackCOMRAM 00005F
keypad_get_value@row_counter              cstackCOMRAM 000063
keypad_initialize@_keypad                 cstackCOMRAM 00005D
keypad_initialize@counter                 cstackCOMRAM 00005F
keypad_initialize@ret                     cstackCOMRAM 00005E
lcd_8bit_initialize@_lcd                  cstackCOMRAM 000063
lcd_8bit_initialize@counter               cstackCOMRAM 000065
lcd_8bit_initialize@ret                   cstackCOMRAM 000066
lcd_8bit_send_command@_command            cstackCOMRAM 00005E
lcd_8bit_send_command@_lcd                cstackCOMRAM 00005D
lcd_8bit_send_command@counter             cstackCOMRAM 000062
lcd_8bit_send_command@ret                 cstackCOMRAM 000061
lcd_8bit_send_data@_data                  cstackCOMRAM 00005E
lcd_8bit_send_data@_lcd                   cstackCOMRAM 00005D
lcd_8bit_send_data@counter                cstackCOMRAM 000062
lcd_8bit_send_data@ret                    cstackCOMRAM 000061
lcd_send_8bit_enable@_lcd                 cstackCOMRAM 00005B
lcd_send_8bit_enable@ret                  cstackCOMRAM 00005C
led_initialize@F3067                      bssCOMRAM    000071
led_toggle@F3082                          bssCOMRAM    00006E
led_turn_off@F3077                        bssCOMRAM    00006F
led_turn_on@F3072                         bssCOMRAM    000070
relay_initialize@F3060                    bssCOMRAM    00006D
relay_turn_off@F3070                      bssCOMRAM    00006B
relay_turn_on@F3065                       bssCOMRAM    00006C
stackhi                                   (abs)        000000
stacklo                                   (abs)        000000
start                                     init         000000
start_initialization                      cinit        0016F8


MODULE INFORMATION

Module		Function		Class		Link	Load	Size
ECU_Layer/ECU_layer_init.c
		_ecu_layer_initialize		CODE           	18C2	0000	12

ECU_Layer/ECU_layer_init.c estimated size: 12

shared
		__initialization		CODE           	16F8	0000	76

shared estimated size: 76

Projects/project1_calc/calc.c
		_calculator_get_key		CODE           	17DE	0000	58
		_calculator_initialize		CODE           	187E	0000	48

Projects/project1_calc/calc.c estimated size: 106

ECU_Layer/LCD/ECU_LCD.c
		_lcd_8bit_initialize		CODE           	141E	0000	268
		_lcd_send_8bit_enable		CODE           	1818	0000	54
		_lcd_8bit_send_data		CODE           	1630	0000	110
		_lcd_8bit_send_command		CODE           	15C2	0000	110

ECU_Layer/LCD/ECU_LCD.c estimated size: 542

main.c
		_main          		CODE           	184E	0000	48

main.c estimated size: 48

MCAL_Layer/GPIO/HAL_GPIO.c
		_gpio_pin_write_logic		CODE           	130C	0000	274
		_gpio_pin_read_logic		CODE           	152A	0000	152
		_gpio_pin_direction_initialize		CODE           	11F4	0000	280
		_gpio_pin_initialize		CODE           	17A2	0000	60

MCAL_Layer/GPIO/HAL_GPIO.c estimated size: 766

ECU_Layer/Keypad/ECU_keypad.c
		_keypad_get_value		CODE           	1002	0000	498
		_keypad_initialize		CODE           	169E	0000	90

ECU_Layer/Keypad/ECU_keypad.c estimated size: 588

